// Vitest Snapshot v1, https://vitest.dev/guide/snapshot.html

exports[`Modal > matches snapshot 1`] = `
<DocumentFragment>
  <div
    class="modal"
    data-testid="modal"
  >
    <div
      class="modal-content"
    >
      Test Content
      <button
        class="modal-close"
      >
        Close
      </button>
    </div>
  </div>
</DocumentFragment>
`;
